{"Name":"parent","Value":{"Hoge":"hoge1","Fuga":1},"Values":[{"Hoge":"hoge1","Fuga":1},{"Hoge":"hoge2","Fuga":2},{"Hoge":"hoge3","Fuga":3}],"NumberArrayValues":[0,1,2],"StringArrayValues":["test0","test1","test2"],"StructArrayValues":[{"Hoge":"hoge4","Fuga":4},{"Hoge":"hoge5","Fuga":5},{"Hoge":"hoge6","Fuga":6}],"Children":[{"Name":"child0","Values":[{"Hoge":"hoge0-0","Fuga":0},{"Hoge":"hoge0-1","Fuga":1},{"Hoge":"hoge0-2","Fuga":2}],"ArrayValues":[{"Hoge":"hoge0-3","Fuga":3},{"Hoge":"hoge0-4","Fuga":4},{"Hoge":"hoge0-5","Fuga":5}]},{"Name":"child1","Values":[{"Hoge":"hoge1-0","Fuga":10},{"Hoge":"hoge1-1","Fuga":11},{"Hoge":"hoge1-2","Fuga":12}],"ArrayValues":[{"Hoge":"hoge1-3","Fuga":13},{"Hoge":"hoge1-4","Fuga":14},{"Hoge":"hoge1-5","Fuga":15}]},{"Name":"child2","Values":[{"Hoge":"hoge2-0","Fuga":20},{"Hoge":"hoge2-1","Fuga":21},{"Hoge":"hoge2-2","Fuga":22}],"ArrayValues":[{"Hoge":"hoge2-3","Fuga":23},{"Hoge":"hoge2-4","Fuga":24},{"Hoge":"hoge2-5","Fuga":25}]}],"Quoted":"\"quoted test\"","tagged":"\"tagged test\"","EmptyKey":"empty key test"}
